Microsoft (R) Visual C# Compiler version 4.8.3752.0
for C# 5
Copyright (C) Microsoft Corporation. All rights reserved.

This compiler is provided as part of the Microsoft (R) .NET Framework, but only supports language versions up to C# 5, which is no longer the latest version. For compilers that support newer versions of the C# programming language, see http://go.microsoft.com/fwlink/?LinkID=533240

Parser.cs(422,19): error CS0103: The name 'LoopExit' does not exist in the current context
Parser.cs(430,8): warning CS0219: The variable 'empty' is assigned but its value is never used
Parser.cs(507,20): error CS0103: The name 'LoopExit2' does not exist in the current context
Parva\PVM.cs(717,12): warning CS0219: The variable 'tracing' is assigned but its value is never used
